[2025-11-29 06:29:56,096] [ERROR]  Error while importing localization source 'Transient asset (LocaleAsset:00000000000000000000000000000000)'
ArgumentException: No entry found for the given Guid: 00000000000000000000000000000000
  at Colossal.IO.AssetDatabase.FileSystemDataSource.GetReadStream (Colossal.Hash128 guid) [0x00049] in <3c192e9f74c74986bca51a2a16b804d8>:0 
  at Colossal.IO.AssetDatabase.AssetDatabase`1[T].GetReadStream (Colossal.Hash128 guid) [0x00000] in <3c192e9f74c74986bca51a2a16b804d8>:0 
  at Colossal.IO.AssetDatabase.AssetData.GetReadStream () [0x00011] in <3c192e9f74c74986bca51a2a16b804d8>:0 
  at Colossal.IO.AssetDatabase.LocaleAsset.Load () [0x00000] in <3c192e9f74c74986bca51a2a16b804d8>:0 
  at Colossal.IO.AssetDatabase.LocaleAsset+<ReadEntries>d__25.MoveNext () [0x0003f] in <3c192e9f74c74986bca51a2a16b804d8>:0 
  at Colossal.Localization.LocalizationManager.LoadLocaleSource (Colossal.IDictionarySource source, Colossal.Localization.LocalizationDictionary target) [0x00037] in <2aec9458088347d0a2696d6b16b9b575>:0 
Colossal.Localization.LocalizationManager:LoadLocaleSource(IDictionarySource, LocalizationDictionary)
Colossal.Localization.LocalizationManager:LoadLocale(LocaleInfo, LocalizationDictionary)
Colossal.Localization.LocalizationManager:ReloadActiveLocale()
ThaiLocale.Mod:OnLoad(UpdateSystem) (at E:\AppPool\CS2THMod\Mod.cs:82)
Game.Modding.ModInfo:OnLoad(UpdateSystem)
Game.Modding.ModInfo:Load(UpdateSystem)
Game.Modding.ModManager:InitializeMods(UpdateSystem)
Game.Modding.ModManager:Initialize(UpdateSystem)
Game.SceneFlow.GameManager:InitializeModManager(Boolean)
Game.SceneFlow.<<RegisterPdxSdk>g__RegisterDatabase|106_10>d:MoveNext()
System.Runtime.CompilerServices.MoveNextRunner:InvokeMoveNext(Object)
System.Threading.ExecutionContext:RunInternal(ExecutionContext, ContextCallback, Object, Boolean)
System.Threading.ExecutionContext:Run(ExecutionContext, ContextCallback, Object, Boolean)
System.Runtime.CompilerServices.MoveNextRunner:Run()
System.Threading.Tasks.AwaitTaskContinuation:InvokeAction(Object)
System.Threading.Tasks.AwaitTaskContinuation:RunCallback(ContextCallback, Object, Task&)
System.Threading.Tasks.SynchronizationContextAwaitTaskContinuation:Run(Task, Boolean)
System.Threading.Tasks.Task:FinishContinuations()
System.Threading.Tasks.Task:FinishStageThree()
System.Threading.Tasks.Task`1:TrySetResult(VoidTaskResult)
System.Runtime.CompilerServices.AsyncTaskMethodBuilder`1:SetResult(VoidTaskResult)
System.Runtime.CompilerServices.AsyncTaskMethodBuilder`1:SetResult(Task`1)
System.Runtime.CompilerServices.AsyncTaskMethodBuilder:SetResult()
Colossal.IO.AssetDatabase.<Populate>d__17:MoveNext()
System.Runtime.CompilerServices.MoveNextRunner:InvokeMoveNext(Object)
System.Threading.ExecutionContext:RunInternal(ExecutionContext, ContextCallback, Object, Boolean)
System.Threading.ExecutionContext:Run(ExecutionContext, ContextCallback, Object, Boolean)
System.Runtime.CompilerServices.MoveNextRunner:Run()
System.Threading.Tasks.AwaitTaskContinuation:InvokeAction(Object)
System.Threading.Tasks.AwaitTaskContinuation:RunCallback(ContextCallback, Object, Task&)
System.Threading.Tasks.SynchronizationContextAwaitTaskContinuation:Run(Task, Boolean)
System.Threading.Tasks.Task:FinishContinuations()
System.Threading.Tasks.Task:FinishStageThree()
System.Threading.Tasks.Task`1:TrySetResult(VoidTaskResult)
System.Runtime.CompilerServices.AsyncTaskMethodBuilder`1:SetResult(VoidTaskResult)
System.Runtime.CompilerServices.AsyncTaskMethodBuilder`1:SetResult(Task`1)
System.Runtime.CompilerServices.AsyncTaskMethodBuilder:SetResult()
Colossal.IO.AssetDatabase.<OnActivePlaysetChanged>d__24:MoveNext()
System.Runtime.CompilerServices.MoveNextRunner:InvokeMoveNext(Object)
System.Threading.ExecutionContext:RunInternal(ExecutionContext, ContextCallback, Object, Boolean)
System.Threading.ExecutionContext:Run(ExecutionContext, ContextCallback, Object, Boolean)
System.Runtime.CompilerServices.MoveNextRunner:Run()
System.Threading.Tasks.AwaitTaskContinuation:InvokeAction(Object)
System.Threading.Tasks.AwaitTaskContinuation:RunCallback(ContextCallback, Object, Task&)
System.Threading.Tasks.SynchronizationContextAwaitTaskContinuation:Run(Task, Boolean)
System.Threading.Tasks.Task:FinishContinuations()
System.Threading.Tasks.Task:FinishStageThree()
System.Threading.Tasks.Task`1:TrySetResult(VoidTaskResult)
System.Runtime.CompilerServices.AsyncTaskMethodBuilder`1:SetResult(VoidTaskResult)
System.Runtime.CompilerServices.AsyncTaskMethodBuilder`1:SetResult(Task`1)
System.Runtime.CompilerServices.AsyncTaskMethodBuilder:SetResult()
Game.Threading.<WaitRemainingTime>d__3:MoveNext()
System.Runtime.CompilerServices.MoveNextRunner:InvokeMoveNext(Object)
System.Threading.ExecutionContext:RunInternal(ExecutionContext, ContextCallback, Object, Boolean)
System.Threading.ExecutionContext:Run(ExecutionContext, ContextCallback, Object, Boolean)
System.Runtime.CompilerServices.MoveNextRunner:Run()
System.Threading.Tasks.<>c:<.cctor>b__7_0(Object)
UnityEngine.WorkRequest:Invoke()
UnityEngine.UnitySynchronizationContext:Exec()
UnityEngine.UnitySynchronizationContext:ExecuteTasks()
[2025-11-29 06:30:35,541] [ERROR]  Error while importing localization source 'Transient asset (LocaleAsset:00000000000000000000000000000000)'
ArgumentException: No entry found for the given Guid: 00000000000000000000000000000000
  at Colossal.IO.AssetDatabase.FileSystemDataSource.GetReadStream (Colossal.Hash128 guid) [0x00049] in <3c192e9f74c74986bca51a2a16b804d8>:0 
  at Colossal.IO.AssetDatabase.AssetDatabase`1[T].GetReadStream (Colossal.Hash128 guid) [0x00000] in <3c192e9f74c74986bca51a2a16b804d8>:0 
  at Colossal.IO.AssetDatabase.AssetData.GetReadStream () [0x00011] in <3c192e9f74c74986bca51a2a16b804d8>:0 
  at Colossal.IO.AssetDatabase.LocaleAsset.Load () [0x00000] in <3c192e9f74c74986bca51a2a16b804d8>:0 
  at Colossal.IO.AssetDatabase.LocaleAsset+<ReadEntries>d__25.MoveNext () [0x0003f] in <3c192e9f74c74986bca51a2a16b804d8>:0 
  at Colossal.Localization.LocalizationManager.LoadLocaleSource (Colossal.IDictionarySource source, Colossal.Localization.LocalizationDictionary target) [0x00037] in <2aec9458088347d0a2696d6b16b9b575>:0 
Colossal.Localization.LocalizationManager:LoadLocaleSource(IDictionarySource, LocalizationDictionary)
Colossal.Localization.LocalizationManager:LoadLocale(LocaleInfo, LocalizationDictionary)
Colossal.Localization.LocalizationManager:SetActiveLocale(String)
Game.Debug.<>c__DisplayClass6_0:<BuildLocalizationDebugUI>b__1(Int32)
UnityEngine.Rendering.EnumField:SetValue(Int32)
Game.UI.Debug.<>c__DisplayClass14_0:<BuildEnumField>b__1(UInt64)
Game.Reflection.DelegateAccessor`1:SetTypedValue(UInt64)
Game.UI.Widgets.Field`1:SetValue(UInt64)
Game.UI.Widgets.Field`1:SetValue(IJsonReader)
Game.UI.Widgets.<>c__DisplayClass0_0:<CreateBindings>b__0(IJsonReader)
Colossal.UI.Binding.RawTriggerBinding:Callback()
Colossal.UI.Binding.RawTriggerBindingBase:BaseCallback()
System.Reflection.RuntimeMethodInfo:InternalInvoke(RuntimeMethodInfo, Object, Object[], Exception&)
System.Reflection.RuntimeMethodInfo:Invoke(Object, BindingFlags, Binder, Object[], CultureInfo)
System.Reflection.MethodBase:Invoke(Object, Object[])
cohtml.Net.Invoker:ExecuteAndSendResult(Binder, Delegate, Object[], Boolean)
cohtml.Net.Invoker:Invoke(Int32)
cohtml.Net.Binder:CallbackThunk(IntPtr, Int32, Int32)
cohtml.Net.cohtmlNativePINVOKE:View_MouseEvent(HandleRef, HandleRef)
cohtml.Net.View:MouseEvent(IMouseEventData)
Colossal.UI.UIInputSystem:DispatchInputEvents(UIView, Boolean, Boolean, InputEventType)
Colossal.UI.UIInputSystem:DispatchInputEvents(Boolean)
Game.SceneFlow.GameManager:Update()
[2025-11-29 06:31:53,704] [ERROR]  Error while importing localization source 'Transient asset (LocaleAsset:00000000000000000000000000000000)'
ArgumentException: No entry found for the given Guid: 00000000000000000000000000000000
  at Colossal.IO.AssetDatabase.FileSystemDataSource.GetReadStream (Colossal.Hash128 guid) [0x00049] in <3c192e9f74c74986bca51a2a16b804d8>:0 
  at Colossal.IO.AssetDatabase.AssetDatabase`1[T].GetReadStream (Colossal.Hash128 guid) [0x00000] in <3c192e9f74c74986bca51a2a16b804d8>:0 
  at Colossal.IO.AssetDatabase.AssetData.GetReadStream () [0x00011] in <3c192e9f74c74986bca51a2a16b804d8>:0 
  at Colossal.IO.AssetDatabase.LocaleAsset.Load () [0x00000] in <3c192e9f74c74986bca51a2a16b804d8>:0 
  at Colossal.IO.AssetDatabase.LocaleAsset+<ReadEntries>d__25.MoveNext () [0x0003f] in <3c192e9f74c74986bca51a2a16b804d8>:0 
  at Colossal.Localization.LocalizationManager.LoadLocaleSource (Colossal.IDictionarySource source, Colossal.Localization.LocalizationDictionary target) [0x00037] in <2aec9458088347d0a2696d6b16b9b575>:0 
Colossal.Localization.LocalizationManager:LoadLocaleSource(IDictionarySource, LocalizationDictionary)
Colossal.Localization.LocalizationManager:LoadLocale(LocaleInfo, LocalizationDictionary)
Colossal.Localization.LocalizationManager:SetActiveLocale(String)
Game.Debug.<>c__DisplayClass6_0:<BuildLocalizationDebugUI>b__1(Int32)
UnityEngine.Rendering.EnumField:SetValue(Int32)
Game.UI.Debug.<>c__DisplayClass14_0:<BuildEnumField>b__1(UInt64)
Game.Reflection.DelegateAccessor`1:SetTypedValue(UInt64)
Game.UI.Widgets.Field`1:SetValue(UInt64)
Game.UI.Widgets.Field`1:SetValue(IJsonReader)
Game.UI.Widgets.<>c__DisplayClass0_0:<CreateBindings>b__0(IJsonReader)
Colossal.UI.Binding.RawTriggerBinding:Callback()
Colossal.UI.Binding.RawTriggerBindingBase:BaseCallback()
System.Reflection.RuntimeMethodInfo:InternalInvoke(RuntimeMethodInfo, Object, Object[], Exception&)
System.Reflection.RuntimeMethodInfo:Invoke(Object, BindingFlags, Binder, Object[], CultureInfo)
System.Reflection.MethodBase:Invoke(Object, Object[])
cohtml.Net.Invoker:ExecuteAndSendResult(Binder, Delegate, Object[], Boolean)
cohtml.Net.Invoker:Invoke(Int32)
cohtml.Net.Binder:CallbackThunk(IntPtr, Int32, Int32)
cohtml.Net.cohtmlNativePINVOKE:View_MouseEvent(HandleRef, HandleRef)
cohtml.Net.View:MouseEvent(IMouseEventData)
Colossal.UI.UIInputSystem:DispatchInputEvents(UIView, Boolean, Boolean, InputEventType)
Colossal.UI.UIInputSystem:DispatchInputEvents(Boolean)
Game.SceneFlow.GameManager:Update()
